
> jotthis@0.1.0 build
> next build

   Γû▓ Next.js 15.5.12
   - Environments: .env

   Creating an optimized production build ...
 Γ£ô (serwist) Bundling the service worker script with the URL '/sw.js' and the scope '/'...
/*! ≡ƒî╝ daisyUI 5.5.17 */
 Γ£ô Compiled successfully in 3.0s
   Linting and checking validity of types ...

./app/api/speak/route.ts
59:23  Warning: Unexpected any. Specify a different type.  @typescript-eslint/no-explicit-any
84:19  Warning: Unexpected any. Specify a different type.  @typescript-eslint/no-explicit-any

./components/NoteDetail.tsx
33:15  Warning: '_onFavorite' is defined but never used.  @typescript-eslint/no-unused-vars

./hooks/useVoiceRecorder.ts
38:67  Warning: Unexpected any. Specify a different type.  @typescript-eslint/no-explicit-any

info  - Need to disable some ESLint rules? Learn more here: https://nextjs.org/docs/app/api-reference/config/eslint#disabling-rules
   Collecting page data ...
node.exe : SyntaxError: Unexpected token ''', "'{" is not valid 
JSON
At line:1 char:1
+ & "C:\Program Files\nodejs/node.exe" 
"C:\Users\User\AppData\Roaming\n ...
+ ~~~~~~~~~~~~~~~~~~~~~~~~~~~~~~~~~~~~~~~~~~~~~~~~~~~~~~~~~~~~~~~~~
~~~~
    + CategoryInfo          : NotSpecified: (SyntaxError: Un... no 
   t valid JSON:String) [], RemoteException
    + FullyQualifiedErrorId : NativeCommandError
 
    at JSON.parse (<anonymous>)
    at <unknown> (C:\project\webdev\jotthis\.next\server\app\api\sh
are\[id]\route.js:1:2222)
SyntaxError: Unexpected token ''', "'{" is not valid JSON
    at JSON.parse (<anonymous>)
    at <unknown> (C:\project\webdev\jotthis\.next\server\app\api\sp
eak\route.js:1:41087)
[Error: Failed to collect configuration for /share/[id]] {
  [cause]: SyntaxError: Unexpected token ''', "'{" is not valid 
JSON
      at JSON.parse (<anonymous>)
      at <unknown> (C:\project\webdev\jotthis\.next\server\app\shar
e\[id]\page.js:1:11888)
}

> Build error occurred
[Error: Failed to collect page data for /share/[id]] { type: 
'Error' }
